2026-03-18T18:18:16.537+01:00  INFO 36444 --- [basesSpringBatch] [main] t.b.BasesSpringBatchApplication          : Starting BasesSpringBatchApplication using Java 25.0.2 with PID 36444 (C:\tp\local-git-didier-tp-repositories\tp-spring-batch\tp\2025\basesSpringBatch\target\classes started by d2fde in C:\tp\local-git-didier-tp-repositories\tp-spring-batch\tp\2025\basesSpringBatch)
2026-03-18T18:18:16.542+01:00 DEBUG 36444 --- [basesSpringBatch] [main] t.b.BasesSpringBatchApplication          : Running with Spring Boot v3.5.6, Spring v6.2.11
2026-03-18T18:18:16.542+01:00  INFO 36444 --- [basesSpringBatch] [main] t.b.BasesSpringBatchApplication          : No active profile set, falling back to 1 default profile: "mariadb"
2026-03-18T18:18:17.034+01:00  INFO 36444 --- [basesSpringBatch] [main] com.zaxxer.hikari.HikariDataSource       : HikariPool-1 - Starting...
2026-03-18T18:18:17.132+01:00  INFO 36444 --- [basesSpringBatch] [main] com.zaxxer.hikari.pool.HikariPool        : HikariPool-1 - Added connection org.mariadb.jdbc.Connection@45d6ef73
2026-03-18T18:18:17.134+01:00  INFO 36444 --- [basesSpringBatch] [main] com.zaxxer.hikari.HikariDataSource       : HikariPool-1 - Start completed.
2026-03-18T18:18:17.317+01:00  WARN 36444 --- [basesSpringBatch] [main] o.s.b.c.l.AbstractListenerFactoryBean    : org.springframework.batch.item.ItemReader is an interface. The implementing class will not be queried for annotation based listener configurations. If using @StepScope on a @Bean method, be sure to return the implementing class so listener annotations can be used.
2026-03-18T18:18:17.350+01:00  WARN 36444 --- [basesSpringBatch] [main] o.s.b.c.l.AbstractListenerFactoryBean    : org.springframework.batch.item.ItemReader is an interface. The implementing class will not be queried for annotation based listener configurations. If using @StepScope on a @Bean method, be sure to return the implementing class so listener annotations can be used.
2026-03-18T18:18:17.447+01:00  WARN 36444 --- [basesSpringBatch] [main] o.s.b.c.l.AbstractListenerFactoryBean    : org.springframework.batch.item.ItemStreamWriter is an interface. The implementing class will not be queried for annotation based listener configurations. If using @StepScope on a @Bean method, be sure to return the implementing class so listener annotations can be used.
2026-03-18T18:18:17.512+01:00  INFO 36444 --- [basesSpringBatch] [main] t.b.BasesSpringBatchApplication          : Started BasesSpringBatchApplication in 1.363 seconds (process running for 1.634)
2026-03-18T18:18:17.518+01:00 DEBUG 36444 --- [basesSpringBatch] [main] t.b.BasesSpringBatchApplication          : BasesSpringBatchApplication launched with args =[]
2026-03-18T18:18:17.518+01:00 DEBUG 36444 --- [basesSpringBatch] [main] t.b.BasesSpringBatchApplication          : BasesSpringBatchApplication jobName from defaultJobName=fromCsvToXmlJob
2026-03-18T18:18:17.518+01:00  INFO 36444 --- [basesSpringBatch] [main] t.b.BasesSpringBatchApplication          : ****>>> jobName=fromCsvToXmlJob inputFilePath=data/input/csv/newDetailsProducts.csv outputFilePath=data/output/xml/products.xml
2026-03-18T18:18:17.555+01:00  INFO 36444 --- [basesSpringBatch] [SimpleAsyncTaskExecutor-1] o.s.b.c.l.s.TaskExecutorJobLauncher      : Job: [SimpleJob: [name=fromCsvToXmlJob]] launched with the following parameters: [{'enableUpperCase':'{value=true, type=class java.lang.String, identifying=true}','increaseRatePct':'{value=5.0, type=class java.lang.Double, identifying=true}','timeStampOfJobInstance':'{value=1773854297518, type=class java.lang.Long, identifying=true}','productCategoryToIncrease':'{value=aliment, type=class java.lang.String, identifying=true}','inputFilePath':'{value=data/input/csv/newDetailsProducts.csv, type=class java.lang.String, identifying=true}','outputFilePath':'{value=data/output/xml/products.xml, type=class java.lang.String, identifying=true}','dataSetSize':'{value=5000, type=class java.lang.Long, identifying=true}'}]
2026-03-18T18:18:17.576+01:00  INFO 36444 --- [basesSpringBatch] [SimpleAsyncTaskExecutor-1] o.s.batch.core.job.SimpleStepHandler     : Executing step: [stepCsvToXml]
2026-03-18T18:18:17.624+01:00 ERROR 36444 --- [basesSpringBatch] [SimpleAsyncTaskExecutor-1] o.s.batch.core.step.AbstractStep         : Encountered an error executing step stepCsvToXml in job fromCsvToXmlJob

org.springframework.batch.item.file.FlatFileParseException: Parsing error at line: 2 in resource=[file [C:\tp\local-git-didier-tp-repositories\tp-spring-batch\tp\2025\basesSpringBatch\data\input\csv\newDetailsProducts.csv]], input=[null;aliment;legumes;tomates;2.2;2024-05-23T11:31:00;rouge,1100,1l,tomates anciennes]
	at org.springframework.batch.item.file.FlatFileItemReader.doRead(FlatFileItemReader.java:198) ~[spring-batch-infrastructure-5.2.3.jar:5.2.3]
	at org.springframework.batch.item.support.AbstractItemCountingItemStreamItemReader.read(AbstractItemCountingItemStreamItemReader.java:93) ~[spring-batch-infrastructure-5.2.3.jar:5.2.3]
	at java.base/jdk.internal.reflect.DirectMethodHandleAccessor.invoke(DirectMethodHandleAccessor.java:104) ~[na:na]
	at java.base/java.lang.reflect.Method.invoke(Method.java:565) ~[na:na]
	at org.springframework.aop.support.AopUtils.invokeJoinpointUsingReflection(AopUtils.java:360) ~[spring-aop-6.2.11.jar:6.2.11]
	at org.springframework.aop.framework.ReflectiveMethodInvocation.invokeJoinpoint(ReflectiveMethodInvocation.java:196) ~[spring-aop-6.2.11.jar:6.2.11]
	at org.springframework.aop.framework.ReflectiveMethodInvocation.proceed(ReflectiveMethodInvocation.java:163) ~[spring-aop-6.2.11.jar:6.2.11]
	at org.springframework.aop.support.DelegatingIntroductionInterceptor.doProceed(DelegatingIntroductionInterceptor.java:137) ~[spring-aop-6.2.11.jar:6.2.11]
	at org.springframework.aop.support.DelegatingIntroductionInterceptor.invoke(DelegatingIntroductionInterceptor.java:124) ~[spring-aop-6.2.11.jar:6.2.11]
	at org.springframework.aop.framework.ReflectiveMethodInvocation.proceed(ReflectiveMethodInvocation.java:184) ~[spring-aop-6.2.11.jar:6.2.11]
	at org.springframework.aop.framework.CglibAopProxy$DynamicAdvisedInterceptor.intercept(CglibAopProxy.java:728) ~[spring-aop-6.2.11.jar:6.2.11]
	at org.springframework.batch.item.file.FlatFileItemReader$$SpringCGLIB$$0.read(<generated>) ~[spring-batch-infrastructure-5.2.3.jar:5.2.3]
	at org.springframework.batch.core.step.item.SimpleChunkProvider.doRead(SimpleChunkProvider.java:108) ~[spring-batch-core-5.2.3.jar:5.2.3]
	at org.springframework.batch.core.step.item.SimpleChunkProvider.read(SimpleChunkProvider.java:182) ~[spring-batch-core-5.2.3.jar:5.2.3]
	at org.springframework.batch.core.step.item.SimpleChunkProvider.lambda$provide$0(SimpleChunkProvider.java:132) ~[spring-batch-core-5.2.3.jar:5.2.3]
	at org.springframework.batch.repeat.support.RepeatTemplate.getNextResult(RepeatTemplate.java:369) ~[spring-batch-infrastructure-5.2.3.jar:5.2.3]
	at org.springframework.batch.repeat.support.RepeatTemplate.executeInternal(RepeatTemplate.java:206) ~[spring-batch-infrastructure-5.2.3.jar:5.2.3]
	at org.springframework.batch.repeat.support.RepeatTemplate.iterate(RepeatTemplate.java:140) ~[spring-batch-infrastructure-5.2.3.jar:5.2.3]
	at org.springframework.batch.core.step.item.SimpleChunkProvider.provide(SimpleChunkProvider.java:127) ~[spring-batch-core-5.2.3.jar:5.2.3]
	at org.springframework.batch.core.step.item.ChunkOrientedTasklet.execute(ChunkOrientedTasklet.java:69) ~[spring-batch-core-5.2.3.jar:5.2.3]
	at org.springframework.batch.core.step.tasklet.TaskletStep$ChunkTransactionCallback.doInTransaction(TaskletStep.java:383) ~[spring-batch-core-5.2.3.jar:5.2.3]
	at org.springframework.batch.core.step.tasklet.TaskletStep$ChunkTransactionCallback.doInTransaction(TaskletStep.java:307) ~[spring-batch-core-5.2.3.jar:5.2.3]
	at org.springframework.transaction.support.TransactionTemplate.execute(TransactionTemplate.java:140) ~[spring-tx-6.2.11.jar:6.2.11]
	at org.springframework.batch.core.step.tasklet.TaskletStep$2.doInChunkContext(TaskletStep.java:250) ~[spring-batch-core-5.2.3.jar:5.2.3]
	at org.springframework.batch.core.scope.context.StepContextRepeatCallback.doInIteration(StepContextRepeatCallback.java:82) ~[spring-batch-core-5.2.3.jar:5.2.3]
	at org.springframework.batch.repeat.support.RepeatTemplate.getNextResult(RepeatTemplate.java:369) ~[spring-batch-infrastructure-5.2.3.jar:5.2.3]
	at org.springframework.batch.repeat.support.RepeatTemplate.executeInternal(RepeatTemplate.java:206) ~[spring-batch-infrastructure-5.2.3.jar:5.2.3]
	at org.springframework.batch.repeat.support.RepeatTemplate.iterate(RepeatTemplate.java:140) ~[spring-batch-infrastructure-5.2.3.jar:5.2.3]
	at org.springframework.batch.core.step.tasklet.TaskletStep.doExecute(TaskletStep.java:235) ~[spring-batch-core-5.2.3.jar:5.2.3]
	at org.springframework.batch.core.step.AbstractStep.execute(AbstractStep.java:230) ~[spring-batch-core-5.2.3.jar:5.2.3]
	at org.springframework.batch.core.job.SimpleStepHandler.handleStep(SimpleStepHandler.java:153) ~[spring-batch-core-5.2.3.jar:5.2.3]
	at org.springframework.batch.core.job.AbstractJob.handleStep(AbstractJob.java:408) ~[spring-batch-core-5.2.3.jar:5.2.3]
	at org.springframework.batch.core.job.SimpleJob.doExecute(SimpleJob.java:127) ~[spring-batch-core-5.2.3.jar:5.2.3]
	at org.springframework.batch.core.job.AbstractJob.execute(AbstractJob.java:307) ~[spring-batch-core-5.2.3.jar:5.2.3]
	at org.springframework.batch.core.launch.support.TaskExecutorJobLauncher$1.run(TaskExecutorJobLauncher.java:155) ~[spring-batch-core-5.2.3.jar:5.2.3]
	at java.base/java.lang.Thread.run(Thread.java:1474) ~[na:na]
Caused by: org.springframework.batch.item.file.transform.IncorrectTokenCountException: Incorrect number of tokens found in record: expected 6 actual 7
	at org.springframework.batch.item.file.transform.AbstractLineTokenizer.tokenize(AbstractLineTokenizer.java:134) ~[spring-batch-infrastructure-5.2.3.jar:5.2.3]
	at org.springframework.batch.item.file.mapping.DefaultLineMapper.mapLine(DefaultLineMapper.java:42) ~[spring-batch-infrastructure-5.2.3.jar:5.2.3]
	at org.springframework.batch.item.file.FlatFileItemReader.doRead(FlatFileItemReader.java:194) ~[spring-batch-infrastructure-5.2.3.jar:5.2.3]
	... 35 common frames omitted

2026-03-18T18:18:17.626+01:00  INFO 36444 --- [basesSpringBatch] [SimpleAsyncTaskExecutor-1] o.s.batch.core.step.AbstractStep         : Step: [stepCsvToXml] executed in 49ms
2026-03-18T18:18:17.636+01:00  INFO 36444 --- [basesSpringBatch] [SimpleAsyncTaskExecutor-1] o.s.b.c.l.s.TaskExecutorJobLauncher      : Job: [SimpleJob: [name=fromCsvToXmlJob]] completed with the following parameters: [{'enableUpperCase':'{value=true, type=class java.lang.String, identifying=true}','increaseRatePct':'{value=5.0, type=class java.lang.Double, identifying=true}','timeStampOfJobInstance':'{value=1773854297518, type=class java.lang.Long, identifying=true}','productCategoryToIncrease':'{value=aliment, type=class java.lang.String, identifying=true}','inputFilePath':'{value=data/input/csv/newDetailsProducts.csv, type=class java.lang.String, identifying=true}','outputFilePath':'{value=data/output/xml/products.xml, type=class java.lang.String, identifying=true}','dataSetSize':'{value=5000, type=class java.lang.Long, identifying=true}'}] and the following status: [FAILED] in 73ms
2026-03-18T18:18:22.595+01:00  INFO 36444 --- [basesSpringBatch] [SpringApplicationShutdownHook] com.zaxxer.hikari.HikariDataSource       : HikariPool-1 - Shutdown initiated...
2026-03-18T18:18:22.599+01:00  INFO 36444 --- [basesSpringBatch] [SpringApplicationShutdownHook] com.zaxxer.hikari.HikariDataSource       : HikariPool-1 - Shutdown completed.
2026-03-18T18:19:51.100+01:00  INFO 26340 --- [basesSpringBatch] [main] t.b.BasesSpringBatchApplication          : Starting BasesSpringBatchApplication using Java 25.0.2 with PID 26340 (C:\tp\local-git-didier-tp-repositories\tp-spring-batch\tp\2025\basesSpringBatch\target\classes started by d2fde in C:\tp\local-git-didier-tp-repositories\tp-spring-batch\tp\2025\basesSpringBatch)
2026-03-18T18:19:51.101+01:00 DEBUG 26340 --- [basesSpringBatch] [main] t.b.BasesSpringBatchApplication          : Running with Spring Boot v3.5.6, Spring v6.2.11
2026-03-18T18:19:51.101+01:00  INFO 26340 --- [basesSpringBatch] [main] t.b.BasesSpringBatchApplication          : No active profile set, falling back to 1 default profile: "mariadb"
2026-03-18T18:19:51.505+01:00  INFO 26340 --- [basesSpringBatch] [main] com.zaxxer.hikari.HikariDataSource       : HikariPool-1 - Starting...
2026-03-18T18:19:51.583+01:00  INFO 26340 --- [basesSpringBatch] [main] com.zaxxer.hikari.pool.HikariPool        : HikariPool-1 - Added connection org.mariadb.jdbc.Connection@344426bf
2026-03-18T18:19:51.586+01:00  INFO 26340 --- [basesSpringBatch] [main] com.zaxxer.hikari.HikariDataSource       : HikariPool-1 - Start completed.
2026-03-18T18:19:51.596+01:00  WARN 26340 --- [basesSpringBatch] [main] o.m.jdbc.message.server.ErrorPacket      : Error: 1050-42S01: Table 'batch_job_instance' already exists
2026-03-18T18:19:51.597+01:00  WARN 26340 --- [basesSpringBatch] [main] o.m.jdbc.message.server.ErrorPacket      : Error: 1050-42S01: Table 'batch_job_execution' already exists
2026-03-18T18:19:51.598+01:00  WARN 26340 --- [basesSpringBatch] [main] o.m.jdbc.message.server.ErrorPacket      : Error: 1050-42S01: Table 'batch_job_execution_params' already exists
2026-03-18T18:19:51.598+01:00  WARN 26340 --- [basesSpringBatch] [main] o.m.jdbc.message.server.ErrorPacket      : Error: 1050-42S01: Table 'batch_step_execution' already exists
2026-03-18T18:19:51.598+01:00  WARN 26340 --- [basesSpringBatch] [main] o.m.jdbc.message.server.ErrorPacket      : Error: 1050-42S01: Table 'batch_step_execution_context' already exists
2026-03-18T18:19:51.598+01:00  WARN 26340 --- [basesSpringBatch] [main] o.m.jdbc.message.server.ErrorPacket      : Error: 1050-42S01: Table 'batch_job_execution_context' already exists
2026-03-18T18:19:51.598+01:00  WARN 26340 --- [basesSpringBatch] [main] o.m.jdbc.message.server.ErrorPacket      : Error: 1050-42S01: Table 'batch_step_execution_seq' already exists
2026-03-18T18:19:51.599+01:00  WARN 26340 --- [basesSpringBatch] [main] o.m.jdbc.message.server.ErrorPacket      : Error: 1050-42S01: Table 'batch_job_execution_seq' already exists
2026-03-18T18:19:51.599+01:00  WARN 26340 --- [basesSpringBatch] [main] o.m.jdbc.message.server.ErrorPacket      : Error: 1050-42S01: Table 'batch_job_seq' already exists
2026-03-18T18:19:51.672+01:00  WARN 26340 --- [basesSpringBatch] [main] o.s.b.c.l.AbstractListenerFactoryBean    : org.springframework.batch.item.ItemReader is an interface. The implementing class will not be queried for annotation based listener configurations. If using @StepScope on a @Bean method, be sure to return the implementing class so listener annotations can be used.
2026-03-18T18:19:51.702+01:00  WARN 26340 --- [basesSpringBatch] [main] o.s.b.c.l.AbstractListenerFactoryBean    : org.springframework.batch.item.ItemReader is an interface. The implementing class will not be queried for annotation based listener configurations. If using @StepScope on a @Bean method, be sure to return the implementing class so listener annotations can be used.
2026-03-18T18:19:51.791+01:00  WARN 26340 --- [basesSpringBatch] [main] o.s.b.c.l.AbstractListenerFactoryBean    : org.springframework.batch.item.ItemStreamWriter is an interface. The implementing class will not be queried for annotation based listener configurations. If using @StepScope on a @Bean method, be sure to return the implementing class so listener annotations can be used.
2026-03-18T18:19:51.872+01:00  INFO 26340 --- [basesSpringBatch] [main] t.b.BasesSpringBatchApplication          : Started BasesSpringBatchApplication in 1.031 seconds (process running for 1.23)
2026-03-18T18:19:51.875+01:00 DEBUG 26340 --- [basesSpringBatch] [main] t.b.BasesSpringBatchApplication          : BasesSpringBatchApplication launched with args =[]
2026-03-18T18:19:51.875+01:00 DEBUG 26340 --- [basesSpringBatch] [main] t.b.BasesSpringBatchApplication          : BasesSpringBatchApplication jobName from defaultJobName=fromCsvToXmlJob
2026-03-18T18:19:51.875+01:00  INFO 26340 --- [basesSpringBatch] [main] t.b.BasesSpringBatchApplication          : ****>>> jobName=fromCsvToXmlJob inputFilePath=data/input/csv/products.csv outputFilePath=data/output/xml/products.xml
2026-03-18T18:19:51.904+01:00  INFO 26340 --- [basesSpringBatch] [SimpleAsyncTaskExecutor-1] o.s.b.c.l.s.TaskExecutorJobLauncher      : Job: [SimpleJob: [name=fromCsvToXmlJob]] launched with the following parameters: [{'enableUpperCase':'{value=true, type=class java.lang.String, identifying=true}','increaseRatePct':'{value=5.0, type=class java.lang.Double, identifying=true}','timeStampOfJobInstance':'{value=1773854391875, type=class java.lang.Long, identifying=true}','productCategoryToIncrease':'{value=aliment, type=class java.lang.String, identifying=true}','inputFilePath':'{value=data/input/csv/products.csv, type=class java.lang.String, identifying=true}','outputFilePath':'{value=data/output/xml/products.xml, type=class java.lang.String, identifying=true}','dataSetSize':'{value=5000, type=class java.lang.Long, identifying=true}'}]
2026-03-18T18:19:51.917+01:00  INFO 26340 --- [basesSpringBatch] [SimpleAsyncTaskExecutor-1] o.s.batch.core.job.SimpleStepHandler     : Executing step: [stepCsvToXml]
2026-03-18T18:19:52.018+01:00  INFO 26340 --- [basesSpringBatch] [SimpleAsyncTaskExecutor-1] o.s.batch.core.step.AbstractStep         : Step: [stepCsvToXml] executed in 100ms
2026-03-18T18:19:52.029+01:00  INFO 26340 --- [basesSpringBatch] [SimpleAsyncTaskExecutor-1] o.s.b.c.l.s.TaskExecutorJobLauncher      : Job: [SimpleJob: [name=fromCsvToXmlJob]] completed with the following parameters: [{'enableUpperCase':'{value=true, type=class java.lang.String, identifying=true}','increaseRatePct':'{value=5.0, type=class java.lang.Double, identifying=true}','timeStampOfJobInstance':'{value=1773854391875, type=class java.lang.Long, identifying=true}','productCategoryToIncrease':'{value=aliment, type=class java.lang.String, identifying=true}','inputFilePath':'{value=data/input/csv/products.csv, type=class java.lang.String, identifying=true}','outputFilePath':'{value=data/output/xml/products.xml, type=class java.lang.String, identifying=true}','dataSetSize':'{value=5000, type=class java.lang.Long, identifying=true}'}] and the following status: [COMPLETED] in 116ms
2026-03-18T18:19:56.945+01:00  INFO 26340 --- [basesSpringBatch] [SpringApplicationShutdownHook] com.zaxxer.hikari.HikariDataSource       : HikariPool-1 - Shutdown initiated...
2026-03-18T18:19:56.948+01:00  INFO 26340 --- [basesSpringBatch] [SpringApplicationShutdownHook] com.zaxxer.hikari.HikariDataSource       : HikariPool-1 - Shutdown completed.
2026-03-18T18:20:21.887+01:00  INFO 25008 --- [basesSpringBatch] [main] t.b.BasesSpringBatchApplication          : Starting BasesSpringBatchApplication using Java 25.0.2 with PID 25008 (C:\tp\local-git-didier-tp-repositories\tp-spring-batch\tp\2025\basesSpringBatch\target\classes started by d2fde in C:\tp\local-git-didier-tp-repositories\tp-spring-batch\tp\2025\basesSpringBatch)
2026-03-18T18:20:21.888+01:00 DEBUG 25008 --- [basesSpringBatch] [main] t.b.BasesSpringBatchApplication          : Running with Spring Boot v3.5.6, Spring v6.2.11
2026-03-18T18:20:21.889+01:00  INFO 25008 --- [basesSpringBatch] [main] t.b.BasesSpringBatchApplication          : No active profile set, falling back to 1 default profile: "mariadb"
2026-03-18T18:20:22.290+01:00  INFO 25008 --- [basesSpringBatch] [main] com.zaxxer.hikari.HikariDataSource       : HikariPool-1 - Starting...
2026-03-18T18:20:22.358+01:00  INFO 25008 --- [basesSpringBatch] [main] com.zaxxer.hikari.pool.HikariPool        : HikariPool-1 - Added connection org.mariadb.jdbc.Connection@67b7c170
2026-03-18T18:20:22.359+01:00  INFO 25008 --- [basesSpringBatch] [main] com.zaxxer.hikari.HikariDataSource       : HikariPool-1 - Start completed.
2026-03-18T18:20:22.377+01:00  WARN 25008 --- [basesSpringBatch] [main] o.m.jdbc.message.server.ErrorPacket      : Error: 1050-42S01: Table 'batch_job_instance' already exists
2026-03-18T18:20:22.378+01:00  WARN 25008 --- [basesSpringBatch] [main] o.m.jdbc.message.server.ErrorPacket      : Error: 1050-42S01: Table 'batch_job_execution' already exists
2026-03-18T18:20:22.378+01:00  WARN 25008 --- [basesSpringBatch] [main] o.m.jdbc.message.server.ErrorPacket      : Error: 1050-42S01: Table 'batch_job_execution_params' already exists
2026-03-18T18:20:22.379+01:00  WARN 25008 --- [basesSpringBatch] [main] o.m.jdbc.message.server.ErrorPacket      : Error: 1050-42S01: Table 'batch_step_execution' already exists
2026-03-18T18:20:22.379+01:00  WARN 25008 --- [basesSpringBatch] [main] o.m.jdbc.message.server.ErrorPacket      : Error: 1050-42S01: Table 'batch_step_execution_context' already exists
2026-03-18T18:20:22.379+01:00  WARN 25008 --- [basesSpringBatch] [main] o.m.jdbc.message.server.ErrorPacket      : Error: 1050-42S01: Table 'batch_job_execution_context' already exists
2026-03-18T18:20:22.379+01:00  WARN 25008 --- [basesSpringBatch] [main] o.m.jdbc.message.server.ErrorPacket      : Error: 1050-42S01: Table 'batch_step_execution_seq' already exists
2026-03-18T18:20:22.379+01:00  WARN 25008 --- [basesSpringBatch] [main] o.m.jdbc.message.server.ErrorPacket      : Error: 1050-42S01: Table 'batch_job_execution_seq' already exists
2026-03-18T18:20:22.379+01:00  WARN 25008 --- [basesSpringBatch] [main] o.m.jdbc.message.server.ErrorPacket      : Error: 1050-42S01: Table 'batch_job_seq' already exists
2026-03-18T18:20:22.457+01:00  WARN 25008 --- [basesSpringBatch] [main] o.s.b.c.l.AbstractListenerFactoryBean    : org.springframework.batch.item.ItemReader is an interface. The implementing class will not be queried for annotation based listener configurations. If using @StepScope on a @Bean method, be sure to return the implementing class so listener annotations can be used.
2026-03-18T18:20:22.489+01:00  WARN 25008 --- [basesSpringBatch] [main] o.s.b.c.l.AbstractListenerFactoryBean    : org.springframework.batch.item.ItemReader is an interface. The implementing class will not be queried for annotation based listener configurations. If using @StepScope on a @Bean method, be sure to return the implementing class so listener annotations can be used.
2026-03-18T18:20:22.570+01:00  WARN 25008 --- [basesSpringBatch] [main] o.s.b.c.l.AbstractListenerFactoryBean    : org.springframework.batch.item.ItemStreamWriter is an interface. The implementing class will not be queried for annotation based listener configurations. If using @StepScope on a @Bean method, be sure to return the implementing class so listener annotations can be used.
2026-03-18T18:20:22.650+01:00  INFO 25008 --- [basesSpringBatch] [main] t.b.BasesSpringBatchApplication          : Started BasesSpringBatchApplication in 1.024 seconds (process running for 1.245)
2026-03-18T18:20:22.652+01:00 DEBUG 25008 --- [basesSpringBatch] [main] t.b.BasesSpringBatchApplication          : BasesSpringBatchApplication launched with args =[]
2026-03-18T18:20:22.652+01:00 DEBUG 25008 --- [basesSpringBatch] [main] t.b.BasesSpringBatchApplication          : BasesSpringBatchApplication jobName from defaultJobName=fromCsvToXmlJob
2026-03-18T18:20:22.652+01:00  INFO 25008 --- [basesSpringBatch] [main] t.b.BasesSpringBatchApplication          : ****>>> jobName=fromCsvToXmlJob inputFilePath=data/input/csv/products.csv outputFilePath=data/output/xml/products.xml
2026-03-18T18:20:22.677+01:00  INFO 25008 --- [basesSpringBatch] [SimpleAsyncTaskExecutor-1] o.s.b.c.l.s.TaskExecutorJobLauncher      : Job: [SimpleJob: [name=fromCsvToXmlJob]] launched with the following parameters: [{'enableUpperCase':'{value=true, type=class java.lang.String, identifying=true}','increaseRatePct':'{value=5.0, type=class java.lang.Double, identifying=true}','timeStampOfJobInstance':'{value=1773854422652, type=class java.lang.Long, identifying=true}','productCategoryToIncrease':'{value=aliment, type=class java.lang.String, identifying=true}','inputFilePath':'{value=data/input/csv/products.csv, type=class java.lang.String, identifying=true}','outputFilePath':'{value=data/output/xml/products.xml, type=class java.lang.String, identifying=true}','dataSetSize':'{value=5000, type=class java.lang.Long, identifying=true}'}]
2026-03-18T18:20:22.691+01:00  INFO 25008 --- [basesSpringBatch] [SimpleAsyncTaskExecutor-1] o.s.batch.core.job.SimpleStepHandler     : Executing step: [stepCsvToXml]
2026-03-18T18:20:22.790+01:00  INFO 25008 --- [basesSpringBatch] [SimpleAsyncTaskExecutor-1] o.s.batch.core.step.AbstractStep         : Step: [stepCsvToXml] executed in 98ms
2026-03-18T18:20:22.801+01:00  INFO 25008 --- [basesSpringBatch] [SimpleAsyncTaskExecutor-1] o.s.b.c.l.s.TaskExecutorJobLauncher      : Job: [SimpleJob: [name=fromCsvToXmlJob]] completed with the following parameters: [{'enableUpperCase':'{value=true, type=class java.lang.String, identifying=true}','increaseRatePct':'{value=5.0, type=class java.lang.Double, identifying=true}','timeStampOfJobInstance':'{value=1773854422652, type=class java.lang.Long, identifying=true}','productCategoryToIncrease':'{value=aliment, type=class java.lang.String, identifying=true}','inputFilePath':'{value=data/input/csv/products.csv, type=class java.lang.String, identifying=true}','outputFilePath':'{value=data/output/xml/products.xml, type=class java.lang.String, identifying=true}','dataSetSize':'{value=5000, type=class java.lang.Long, identifying=true}'}] and the following status: [COMPLETED] in 116ms
2026-03-18T18:20:27.712+01:00  INFO 25008 --- [basesSpringBatch] [SpringApplicationShutdownHook] com.zaxxer.hikari.HikariDataSource       : HikariPool-1 - Shutdown initiated...
2026-03-18T18:20:27.715+01:00  INFO 25008 --- [basesSpringBatch] [SpringApplicationShutdownHook] com.zaxxer.hikari.HikariDataSource       : HikariPool-1 - Shutdown completed.
